PS C:\Users\Tory\Downloads\OpalTracker\OpalTracker> npx tsx server/index.ts
ðŸš€ Server ready - Chrome extension will handle bid detection...
node:events:496
      throw er; // Unhandled 'error' event
      ^

Error: listen EADDRINUSE: address already in use :::5000
    at Server.setupListenHandle [as _listen2] (node:net:1940:16)
    at listenInCluster (node:net:1997:12)
    at Server.listen (node:net:2102:7)
    at <anonymous> (C:\Users\Tory\Downloads\OpalTracker\OpalTracker\server\index.ts:76:10)
Emitted 'error' event on Server instance at:
    at emitErrorNT (node:net:1976:8)
    at process.processTicksAndRejections (node:internal/process/task_queues:90:21) {   
  code: 'EADDRINUSE',
  errno: -4091,
  syscall: 'listen',
  address: '::',
  port: 5000
}

Node.js v22.17.1
PS C:\Users\Tory\Downloads\OpalTracker\OpalTracker> npm install

changed 1 package, and audited 633 packages in 7s

86 packages are looking for funding
  run `npm fund` for details

11 vulnerabilities (3 low, 8 moderate)

To address issues that do not require attention, run:
  npm audit fix

To address all issues (including breaking changes), run:
  npm audit fix --force

Run `npm audit` for details.
PS C:\Users\Tory\Downloads\OpalTracker\OpalTracker> npx tsx server/index.ts
ðŸš€ Server ready - Chrome extension will handle bid detection...
node:events:496
      throw er; // Unhandled 'error' event
      ^

Error: listen EADDRINUSE: address already in use :::5000
    at Server.setupListenHandle [as _listen2] (node:net:1940:16)
    at listenInCluster (node:net:1997:12)
    at Server.listen (node:net:2102:7)
    at <anonymous> (C:\Users\Tory\Downloads\OpalTracker\OpalTracker\server\index.ts:76:10)
Emitted 'error' event on Server instance at:
    at emitErrorNT (node:net:1976:8)
    at process.processTicksAndRejections (node:internal/process/task_queues:90:21) {   
  code: 'EADDRINUSE',
  errno: -4091,
  syscall: 'listen',
  address: '::',
  port: 5000
}

Node.js v22.17.1
PS C:\Users\Tory\Downloads\OpalTracker\OpalTracker> npm install

up to date, audited 633 packages in 2s

86 packages are looking for funding
  run `npm fund` for details

11 vulnerabilities (3 low, 8 moderate)

To address issues that do not require attention, run:
  npm audit fix

To address all issues (including breaking changes), run:
  npm audit fix --force

Run `npm audit` for details.
PS C:\Users\Tory\Downloads\OpalTracker\OpalTracker> npx tsx server/index.ts
ðŸš€ Server ready - Chrome extension will handle bid detection...
node:events:496
      throw er; // Unhandled 'error' event
      ^

Error: listen EADDRINUSE: address already in use :::5000
    at Server.setupListenHandle [as _listen2] (node:net:1940:16)
    at listenInCluster (node:net:1997:12)
    at Server.listen (node:net:2102:7)
    at <anonymous> (C:\Users\Tory\Downloads\OpalTracker\OpalTracker\server\index.ts:76:10)
Emitted 'error' event on Server instance at:
    at emitErrorNT (node:net:1976:8)
    at process.processTicksAndRejections (node:internal/process/task_queues:90:21) {   
  code: 'EADDRINUSE',
  errno: -4091,
  syscall: 'listen',
  address: '::',
  port: 5000
}

Node.js v22.17.1